Archive member included to satisfy reference by file (symbol)

d:/programs/ac6/systemworkbench/plugins/fr.ac6.mcu.externaltools.arm-none.win32_1.17.0.201812190825/tools/compiler/bin/../lib/gcc/arm-none-eabi/7.3.1/thumb/v6-m\libgcc.a(_udivsi3.o)
                              StdPeriph_Driver/src/stm32f0xx_rcc.o (__aeabi_uidiv)
d:/programs/ac6/systemworkbench/plugins/fr.ac6.mcu.externaltools.arm-none.win32_1.17.0.201812190825/tools/compiler/bin/../lib/gcc/arm-none-eabi/7.3.1/thumb/v6-m\libgcc.a(_dvmd_tls.o)
                              d:/programs/ac6/systemworkbench/plugins/fr.ac6.mcu.externaltools.arm-none.win32_1.17.0.201812190825/tools/compiler/bin/../lib/gcc/arm-none-eabi/7.3.1/thumb/v6-m\libgcc.a(_udivsi3.o) (__aeabi_idiv0)
d:/programs/ac6/systemworkbench/plugins/fr.ac6.mcu.externaltools.arm-none.win32_1.17.0.201812190825/tools/compiler/bin/../lib/gcc/arm-none-eabi/7.3.1/../../../../arm-none-eabi/lib/thumb/v6-m\libc.a(lib_a-errno.o)
                              src/syscalls.o (__errno)
d:/programs/ac6/systemworkbench/plugins/fr.ac6.mcu.externaltools.arm-none.win32_1.17.0.201812190825/tools/compiler/bin/../lib/gcc/arm-none-eabi/7.3.1/../../../../arm-none-eabi/lib/thumb/v6-m\libc.a(lib_a-exit.o)
                              d:/programs/ac6/systemworkbench/plugins/fr.ac6.mcu.externaltools.arm-none.win32_1.17.0.201812190825/tools/compiler/bin/../lib/gcc/arm-none-eabi/7.3.1/../../../../arm-none-eabi/lib/thumb/v6-m/crt0.o (exit)
d:/programs/ac6/systemworkbench/plugins/fr.ac6.mcu.externaltools.arm-none.win32_1.17.0.201812190825/tools/compiler/bin/../lib/gcc/arm-none-eabi/7.3.1/../../../../arm-none-eabi/lib/thumb/v6-m\libc.a(lib_a-impure.o)
                              d:/programs/ac6/systemworkbench/plugins/fr.ac6.mcu.externaltools.arm-none.win32_1.17.0.201812190825/tools/compiler/bin/../lib/gcc/arm-none-eabi/7.3.1/../../../../arm-none-eabi/lib/thumb/v6-m\libc.a(lib_a-exit.o) (_global_impure_ptr)
d:/programs/ac6/systemworkbench/plugins/fr.ac6.mcu.externaltools.arm-none.win32_1.17.0.201812190825/tools/compiler/bin/../lib/gcc/arm-none-eabi/7.3.1/../../../../arm-none-eabi/lib/thumb/v6-m\libc.a(lib_a-init.o)
                              d:/programs/ac6/systemworkbench/plugins/fr.ac6.mcu.externaltools.arm-none.win32_1.17.0.201812190825/tools/compiler/bin/../lib/gcc/arm-none-eabi/7.3.1/../../../../arm-none-eabi/lib/thumb/v6-m/crt0.o (__libc_init_array)
d:/programs/ac6/systemworkbench/plugins/fr.ac6.mcu.externaltools.arm-none.win32_1.17.0.201812190825/tools/compiler/bin/../lib/gcc/arm-none-eabi/7.3.1/../../../../arm-none-eabi/lib/thumb/v6-m\libc.a(lib_a-memset.o)
                              d:/programs/ac6/systemworkbench/plugins/fr.ac6.mcu.externaltools.arm-none.win32_1.17.0.201812190825/tools/compiler/bin/../lib/gcc/arm-none-eabi/7.3.1/../../../../arm-none-eabi/lib/thumb/v6-m/crt0.o (memset)
d:/programs/ac6/systemworkbench/plugins/fr.ac6.mcu.externaltools.arm-none.win32_1.17.0.201812190825/tools/compiler/bin/../lib/gcc/arm-none-eabi/7.3.1/../../../../arm-none-eabi/lib/thumb/v6-m\libc.a(lib_a-__call_atexit.o)
                              d:/programs/ac6/systemworkbench/plugins/fr.ac6.mcu.externaltools.arm-none.win32_1.17.0.201812190825/tools/compiler/bin/../lib/gcc/arm-none-eabi/7.3.1/../../../../arm-none-eabi/lib/thumb/v6-m\libc.a(lib_a-exit.o) (__call_exitprocs)
d:/programs/ac6/systemworkbench/plugins/fr.ac6.mcu.externaltools.arm-none.win32_1.17.0.201812190825/tools/compiler/bin/../lib/gcc/arm-none-eabi/7.3.1/../../../../arm-none-eabi/lib/thumb/v6-m\libc.a(lib_a-atexit.o)
                              d:/programs/ac6/systemworkbench/plugins/fr.ac6.mcu.externaltools.arm-none.win32_1.17.0.201812190825/tools/compiler/bin/../lib/gcc/arm-none-eabi/7.3.1/../../../../arm-none-eabi/lib/thumb/v6-m\libc.a(lib_a-__call_atexit.o) (atexit)
d:/programs/ac6/systemworkbench/plugins/fr.ac6.mcu.externaltools.arm-none.win32_1.17.0.201812190825/tools/compiler/bin/../lib/gcc/arm-none-eabi/7.3.1/../../../../arm-none-eabi/lib/thumb/v6-m\libc.a(lib_a-fini.o)
                              d:/programs/ac6/systemworkbench/plugins/fr.ac6.mcu.externaltools.arm-none.win32_1.17.0.201812190825/tools/compiler/bin/../lib/gcc/arm-none-eabi/7.3.1/../../../../arm-none-eabi/lib/thumb/v6-m\libc.a(lib_a-__call_atexit.o) (__libc_fini_array)
d:/programs/ac6/systemworkbench/plugins/fr.ac6.mcu.externaltools.arm-none.win32_1.17.0.201812190825/tools/compiler/bin/../lib/gcc/arm-none-eabi/7.3.1/../../../../arm-none-eabi/lib/thumb/v6-m\libc.a(lib_a-lock.o)
                              d:/programs/ac6/systemworkbench/plugins/fr.ac6.mcu.externaltools.arm-none.win32_1.17.0.201812190825/tools/compiler/bin/../lib/gcc/arm-none-eabi/7.3.1/../../../../arm-none-eabi/lib/thumb/v6-m\libc.a(lib_a-__call_atexit.o) (__retarget_lock_acquire_recursive)
[...]
Memory Configuration

Name             Origin             Length             Attributes
RAM              0x20000000         0x00001000         xrw
ROM              0x08000000         0x00008000         xr
*default*        0x00000000         0xffffffff

Linker script and memory map

LOAD d:/programs/ac6/systemworkbench/plugins/fr.ac6.mcu.externaltools.arm-none.win32_1.17.0.201812190825/tools/compiler/bin/../lib/gcc/arm-none-eabi/7.3.1/thumb/v6-m/crti.o
LOAD d:/programs/ac6/systemworkbench/plugins/fr.ac6.mcu.externaltools.arm-none.win32_1.17.0.201812190825/tools/compiler/bin/../lib/gcc/arm-none-eabi/7.3.1/thumb/v6-m/crtbegin.o
LOAD d:/programs/ac6/systemworkbench/plugins/fr.ac6.mcu.externaltools.arm-none.win32_1.17.0.201812190825/tools/compiler/bin/../lib/gcc/arm-none-eabi/7.3.1/../../../../arm-none-eabi/lib/thumb/v6-m/crt0.o
LOAD StdPeriph_Driver/src/stm32f0xx_adc.o
LOAD StdPeriph_Driver/src/stm32f0xx_can.o
LOAD StdPeriph_Driver/src/stm32f0xx_cec.o
LOAD StdPeriph_Driver/src/stm32f0xx_comp.o
LOAD StdPeriph_Driver/src/stm32f0xx_crc.o
LOAD StdPeriph_Driver/src/stm32f0xx_crs.o
LOAD StdPeriph_Driver/src/stm32f0xx_dac.o
LOAD StdPeriph_Driver/src/stm32f0xx_dbgmcu.o
LOAD StdPeriph_Driver/src/stm32f0xx_dma.o
LOAD StdPeriph_Driver/src/stm32f0xx_exti.o
LOAD StdPeriph_Driver/src/stm32f0xx_flash.o
LOAD StdPeriph_Driver/src/stm32f0xx_gpio.o
LOAD StdPeriph_Driver/src/stm32f0xx_i2c.o
LOAD StdPeriph_Driver/src/stm32f0xx_iwdg.o
LOAD StdPeriph_Driver/src/stm32f0xx_misc.o
LOAD StdPeriph_Driver/src/stm32f0xx_pwr.o
LOAD StdPeriph_Driver/src/stm32f0xx_rcc.o
LOAD StdPeriph_Driver/src/stm32f0xx_rtc.o
LOAD StdPeriph_Driver/src/stm32f0xx_spi.o
LOAD StdPeriph_Driver/src/stm32f0xx_syscfg.o
LOAD StdPeriph_Driver/src/stm32f0xx_tim.o
LOAD StdPeriph_Driver/src/stm32f0xx_usart.o
LOAD StdPeriph_Driver/src/stm32f0xx_wwdg.o
LOAD src/delay.o
LOAD src/gpio.o
LOAD src/main.o
LOAD src/pic.o
LOAD src/progger.o
LOAD src/syscalls.o
LOAD src/system_stm32f0xx.o
LOAD src/usart.o
LOAD startup/startup_stm32.o
LOAD d:/programs/ac6/systemworkbench/plugins/fr.ac6.mcu.externaltools.arm-none.win32_1.17.0.201812190825/tools/compiler/bin/../lib/gcc/arm-none-eabi/7.3.1/../../../../arm-none-eabi/lib/thumb/v6-m\libm.a
START GROUP
LOAD d:/programs/ac6/systemworkbench/plugins/fr.ac6.mcu.externaltools.arm-none.win32_1.17.0.201812190825/tools/compiler/bin/../lib/gcc/arm-none-eabi/7.3.1/thumb/v6-m\libgcc.a
LOAD d:/programs/ac6/systemworkbench/plugins/fr.ac6.mcu.externaltools.arm-none.win32_1.17.0.201812190825/tools/compiler/bin/../lib/gcc/arm-none-eabi/7.3.1/../../../../arm-none-eabi/lib/thumb/v6-m\libc.a
END GROUP
LOAD d:/programs/ac6/systemworkbench/plugins/fr.ac6.mcu.externaltools.arm-none.win32_1.17.0.201812190825/tools/compiler/bin/../lib/gcc/arm-none-eabi/7.3.1/thumb/v6-m/crtend.o
LOAD d:/programs/ac6/systemworkbench/plugins/fr.ac6.mcu.externaltools.arm-none.win32_1.17.0.201812190825/tools/compiler/bin/../lib/gcc/arm-none-eabi/7.3.1/thumb/v6-m/crtn.o
                0x20001000                _estack = 0x20001000
                0x00000000                _Min_Heap_Size = 0x0
                0x00000400                _Min_Stack_Size = 0x400

.isr_vector     0x08000000       0xc0
                0x08000000                . = ALIGN (0x4)
 *(.isr_vector)
 .isr_vector    0x08000000       0xc0 startup/startup_stm32.o
                0x08000000                g_pfnVectors
                0x080000c0                . = ALIGN (0x4)

.text           0x080000c0     0x546c
                0x080000c0                . = ALIGN (0x4)
 *(.text)
 .text          0x080000c0       0x48 d:/programs/ac6/systemworkbench/plugins/fr.ac6.mcu.externaltools.arm-none.win32_1.17.0.201812190825/tools/compiler/bin/../lib/gcc/arm-none-eabi/7.3.1/thumb/v6-m/crtbegin.o
 .text          0x08000108      0x114 d:/programs/ac6/systemworkbench/plugins/fr.ac6.mcu.externaltools.arm-none.win32_1.17.0.201812190825/tools/compiler/bin/../lib/gcc/arm-none-eabi/7.3.1/thumb/v6-m\libgcc.a(_udivsi3.o)
                0x08000108                __aeabi_uidiv
                0x08000108                __udivsi3
                0x08000214                __aeabi_uidivmod
 .text          0x0800021c        0x4 d:/programs/ac6/systemworkbench/plugins/fr.ac6.mcu.externaltools.arm-none.win32_1.17.0.201812190825/tools/compiler/bin/../lib/gcc/arm-none-eabi/7.3.1/thumb/v6-m\libgcc.a(_dvmd_tls.o)
                0x0800021c                __aeabi_idiv0
                0x0800021c                __aeabi_ldiv0
 *(.text*)
 .text.GPIO_Init
                0x08000220      0x126 StdPeriph_Driver/src/stm32f0xx_gpio.o
                0x08000220                GPIO_Init
 .text.GPIO_SetBits
                0x08000346       0x1e StdPeriph_Driver/src/stm32f0xx_gpio.o
                0x08000346                GPIO_SetBits
 .text.GPIO_ResetBits
                0x08000364       0x1e StdPeriph_Driver/src/stm32f0xx_gpio.o
                0x08000364                GPIO_ResetBits
 .text.GPIO_PinAFConfig
                0x08000382       0xa4 StdPeriph_Driver/src/stm32f0xx_gpio.o
                0x08000382                GPIO_PinAFConfig
 *fill*         0x08000426        0x2 
 .text.NVIC_Init
                0x08000428       0xac StdPeriph_Driver/src/stm32f0xx_misc.o
                0x08000428                NVIC_Init
 .text.RCC_GetClocksFreq
                0x080004d4      0x2e8 StdPeriph_Driver/src/stm32f0xx_rcc.o
                0x080004d4                RCC_GetClocksFreq
 .text.RCC_AHBPeriphClockCmd
                0x080007bc       0x40 StdPeriph_Driver/src/stm32f0xx_rcc.o
                0x080007bc                RCC_AHBPeriphClockCmd
 .text.RCC_APB2PeriphClockCmd
                0x080007fc       0x40 StdPeriph_Driver/src/stm32f0xx_rcc.o
                0x080007fc                RCC_APB2PeriphClockCmd
 .text.USART_Init
                0x0800083c      0x18c StdPeriph_Driver/src/stm32f0xx_usart.o
                0x0800083c                USART_Init
 .text.USART_Cmd
                0x080009c8       0x3a StdPeriph_Driver/src/stm32f0xx_usart.o
                0x080009c8                USART_Cmd
 .text.USART_SendData
                0x08000a02       0x24 StdPeriph_Driver/src/stm32f0xx_usart.o
                0x08000a02                USART_SendData
 .text.USART_ITConfig
                0x08000a26       0x84 StdPeriph_Driver/src/stm32f0xx_usart.o
                0x08000a26                USART_ITConfig
 .text.USART_GetFlagStatus
                0x08000aaa       0x3c StdPeriph_Driver/src/stm32f0xx_usart.o
                0x08000aaa                USART_GetFlagStatus
 .text.USART_GetITStatus
                0x08000ae6       0xae StdPeriph_Driver/src/stm32f0xx_usart.o
                0x08000ae6                USART_GetITStatus
 .text.delay_init
                0x08000b94       0x2c src/delay.o
                0x08000b94                delay_init
 .text._delay_us
                0x08000bc0       0x56 src/delay.o
                0x08000bc0                _delay_us
 *fill*         0x08000c16        0x2 
 .text._delay_ms
                0x08000c18       0x5c src/delay.o
                0x08000c18                _delay_ms
 .text.gpio_init
                0x08000c74       0xbe src/gpio.o
                0x08000c74                gpio_init
 *fill*         0x08000d32        0x2 
 .text.pgd_read
                0x08000d34       0x30 src/gpio.o
                0x08000d34                pgd_read
 .text.pgd_write
                0x08000d64       0x68 src/gpio.o
                0x08000d64                pgd_write
 .text.USART1_IRQHandler
                0x08000dcc       0x9c src/main.o
                0x08000dcc                USART1_IRQHandler
 .text.main     0x08000e68       0x68 src/main.o
                0x08000e68                main
 .text.delay_ms
                0x08000ed0       0x30 src/pic.o
                0x08000ed0                delay_ms
 .text.p16f7x_progMode
                0x08000f00       0xd8 src/pic.o
                0x08000f00                p16f7x_progMode
 .text.p16f628A_progMode
                0x08000fd8       0xd8 src/pic.o
                0x08000fd8                p16f628A_progMode
 .text.progMode
                0x080010b0       0x5c src/pic.o
                0x080010b0                progMode
 .text.reset    0x0800110c       0x64 src/pic.o
                0x0800110c                reset
 .text.p18fxxjxx_progMode
                0x08001170       0xa0 src/pic.o
                0x08001170                p18fxxjxx_progMode
 .text.p16f7x_writeComm
                0x08001210      0x132 src/pic.o
                0x08001210                p16f7x_writeComm
 .text.p16f183xx_setAdd
                0x08001342      0x200 src/pic.o
                0x08001342                p16f183xx_setAdd
 .text.p16f184xx_writeComm
                0x08001542      0x248 src/pic.o
                0x08001542                p16f184xx_writeComm
 .text.p16f184xx_readComm
                0x0800178a      0x16e src/pic.o
                0x0800178a                p16f184xx_readComm
 .text.p16f7x_readComm
                0x080018f8      0x166 src/pic.o
                0x080018f8                p16f7x_readComm
 .text.p18fx5xx_writeComm
                0x08001a5e      0x11a src/pic.o
                0x08001a5e                p18fx5xx_writeComm
 .text.p18fx5xx_writeNop
                0x08001b78       0x90 src/pic.o
                0x08001b78                p18fx5xx_writeNop
 .text.p18fxxk80_password
                0x08001c08       0xba src/pic.o
                0x08001c08                p18fxxk80_password
 .text.p18fx5xx_readComm
                0x08001cc2      0x196 src/pic.o
                0x08001cc2                p18fx5xx_readComm
 .text.p18fx5xx_setDP
                0x08001e58       0x98 src/pic.o
                0x08001e58                p18fx5xx_setDP
 .text.p16f7x_reset
                0x08001ef0       0x4c src/pic.o
                0x08001ef0                p16f7x_reset
 .text.p18fxxjxx_reset
                0x08001f3c       0x4c src/pic.o
                0x08001f3c                p18fxxjxx_reset
 .text.p16f7x_getId
                0x08001f88       0x80 src/pic.o
                0x08001f88                p16f7x_getId
 .text.p16f184xx_getId
                0x08002008       0x90 src/pic.o
                0x08002008                p16f184xx_getId
 .text.p18fx5xx_getId
                0x08002098       0x6c src/pic.o
                0x08002098                p18fx5xx_getId
 .text.p16f7x_readCfg
                0x08002104      0x13c src/pic.o
                0x08002104                p16f7x_readCfg
 .text.p16f184xx_readCfg
                0x08002240      0x150 src/pic.o
                0x08002240                p16f184xx_readCfg
 .text.p16f5x_readCfg
                0x08002390       0x5c src/pic.o
                0x08002390                p16f5x_readCfg
 .text.p18fx5xx_readCfg
                0x080023ec       0x98 src/pic.o
                0x080023ec                p18fx5xx_readCfg
 .text.p16f7x_writeCfg
                0x08002484       0x98 src/pic.o
                0x08002484                p16f7x_writeCfg
 .text.p16f184xx_writeCfg
                0x0800251c       0xdc src/pic.o
                0x0800251c                p16f184xx_writeCfg
 .text.p16f5x_writeCfg
                0x080025f8       0x54 src/pic.o
                0x080025f8                p16f5x_writeCfg
 .text.p12f1840_writeCfg
                0x0800264c       0x9c src/pic.o
                0x0800264c                p12f1840_writeCfg
 .text.p16f84a_writeCfg
                0x080026e8       0x70 src/pic.o
                0x080026e8                p16f84a_writeCfg
 .text.p18fx5xx_writeCfg
                0x08002758       0x80 src/pic.o
                0x08002758                p18fx5xx_writeCfg
 .text.p18fxxk80_writeCfg
                0x080027d8       0x9c src/pic.o
                0x080027d8                p18fxxk80_writeCfg
 .text.p16f7x_read
                0x08002874       0xdc src/pic.o
                0x08002874                p16f7x_read
 .text.p16f183xx_read
                0x08002950      0x128 src/pic.o
                0x08002950                p16f183xx_read
 .text.p16f184xx_read
                0x08002a78      0x150 src/pic.o
                0x08002a78                p16f184xx_read
 .text.p16f628a_read
                0x08002bc8      0x138 src/pic.o
                0x08002bc8                p16f628a_read
 .text.p18fx5xx_read
                0x08002d00      0x1e4 src/pic.o
                0x08002d00                p18fx5xx_read
 .text.p18fxxk80_read
                0x08002ee4      0x1ec src/pic.o
                0x08002ee4                p18fxxk80_read
 .text.p16f7x_erase
                0x080030d0       0x3c src/pic.o
                0x080030d0                p16f7x_erase
 .text.p16f184xx_erase
                0x0800310c       0x94 src/pic.o
                0x0800310c                p16f184xx_erase
 .text.p16f5x_erase
                0x080031a0      0x1b4 src/pic.o
                0x080031a0                p16f5x_erase
 .text.p16f628a_erase
                0x08003354       0x6c src/pic.o
                0x08003354                p16f628a_erase
 .text.p16f81x_erase
                0x080033c0       0x2c src/pic.o
                0x080033c0                p16f81x_erase
 .text.p16f84a_erase
                0x080033ec       0x80 src/pic.o
                0x080033ec                p16f84a_erase
 .text.p16f87x_erase
                0x0800346c       0xb8 src/pic.o
                0x0800346c                p16f87x_erase
 .text.p18fx5xx_erase
                0x08003524       0xb8 src/pic.o
                0x08003524                p18fx5xx_erase
 .text.p18fxxk80_erase
                0x080035dc       0xb8 src/pic.o
                0x080035dc                p18fxxk80_erase
 .text.p16f7x_progCode
                0x08003694       0xf8 src/pic.o
                0x08003694                p16f7x_progCode
 .text.p16f628a_progCode
                0x0800378c       0x98 src/pic.o
                0x0800378c                p16f628a_progCode
 .text.p16f81x_progCode
                0x08003824       0xa4 src/pic.o
                0x08003824                p16f81x_progCode
 .text.p16f84a_progCode
                0x080038c8       0xa4 src/pic.o
                0x080038c8                p16f84a_progCode
 .text.p16f184xx_progCode
                0x0800396c      0x164 src/pic.o
                0x0800396c                p16f184xx_progCode
 .text.p18fxxq10_progCode
                0x08003ad0       0x84 src/pic.o
                0x08003ad0                p18fxxq10_progCode
 .text.p18fx5xx_progCode
                0x08003b54      0x1b4 src/pic.o
                0x08003b54                p18fx5xx_progCode
 .text.p18fxxk80_progCode
                0x08003d08      0x1a8 src/pic.o
                0x08003d08                p18fxxk80_progCode
 .text.p16f628a_progData
                0x08003eb0       0x78 src/pic.o
                0x08003eb0                p16f628a_progData
 .text.p16f81x_progData
                0x08003f28       0x80 src/pic.o
                0x08003f28                p16f81x_progData
 .text.p16f183xx_progData
                0x08003fa8       0x78 src/pic.o
                0x08003fa8                p16f183xx_progData
 .text.p16f184xx_progData
                0x08004020       0xe4 src/pic.o
                0x08004020                p16f184xx_progData
 .text.p18fx5xx_progData
                0x08004104      0x18c src/pic.o
                0x08004104                p18fx5xx_progData
 .text.p18fxxk80_progData
                0x08004290      0x18c src/pic.o
                0x08004290                p18fxxk80_progData
 .text.p12f1840_readOscall
                0x0800441c      0x114 src/pic.o
                0x0800441c                p12f1840_readOscall
 .text.p16f5x_readOscall
                0x08004530       0xb8 src/pic.o
                0x08004530                p16f5x_readOscall
 .text.p12f5x_writeOscall
                0x080045e8       0xbc src/pic.o
                0x080045e8                p12f5x_writeOscall
 .text.p12f1840_writeOscall
                0x080046a4       0xac src/pic.o
                0x080046a4                p12f1840_writeOscall
 .text.send_successConn
                0x08004750       0x30 src/progger.o
                0x08004750                send_successConn
 .text.send_frame
                0x08004780       0x3a src/progger.o
                0x08004780                send_frame
 *fill*         0x080047ba        0x2 
 .text.deassemble_frame
                0x080047bc      0x844 src/progger.o
                0x080047bc                deassemble_frame
 .text.SystemInit
                0x08005000       0x8c src/system_stm32f0xx.o
                0x08005000                SystemInit
 .text.SetSysClock
                0x0800508c       0xe0 src/system_stm32f0xx.o
 .text.usart1_init
                0x0800516c       0xe0 src/usart.o
                0x0800516c                usart1_init
 .text.USARTSend_char
                0x0800524c       0x38 src/usart.o
                0x0800524c                USARTSend_char
 .text.Reset_Handler
                0x08005284       0x50 startup/startup_stm32.o
                0x08005284                Reset_Handler
 .text.Default_Handler
                0x080052d4        0x2 startup/startup_stm32.o
                0x080052d4                TIM1_CC_IRQHandler
                0x080052d4                HardFault_Handler
                0x080052d4                TIM6_IRQHandler
                0x080052d4                SysTick_Handler
                0x080052d4                PVD_IRQHandler
                0x080052d4                PendSV_Handler
                0x080052d4                NMI_Handler
                0x080052d4                I2C1_IRQHandler
                0x080052d4                SPI1_IRQHandler
                0x080052d4                EXTI2_3_IRQHandler
                0x080052d4                I2C2_IRQHandler
                0x080052d4                TIM17_IRQHandler
                0x080052d4                RTC_IRQHandler
                0x080052d4                TIM16_IRQHandler
                0x080052d4                TIM3_IRQHandler
                0x080052d4                EXTI4_15_IRQHandler
                0x080052d4                RCC_IRQHandler
                0x080052d4                Default_Handler
                0x080052d4                TIM14_IRQHandler
                0x080052d4                ADC_IRQHandler
                0x080052d4                DMA1_CH2_3_IRQHandler
                0x080052d4                TIM15_IRQHandler
                0x080052d4                EXTI0_1_IRQHandler
                0x080052d4                USB_IRQHandler
                0x080052d4                SPI2_IRQHandler
                0x080052d4                DMA1_CH1_IRQHandler
                0x080052d4                SVC_Handler
                0x080052d4                DMA1_CH4_5_IRQHandler
                0x080052d4                WWDG_IRQHandler
                0x080052d4                USART2_IRQHandler
                0x080052d4                FLASH_IRQHandler
                0x080052d4                TIM1_BRK_UP_TRG_COM_IRQHandler
                0x080052d4                USART3_4_5_6_IRQHandler
 *fill*         0x080052d6        0x2 
 .text.__libc_init_array
                0x080052d8       0x48 d:/programs/ac6/systemworkbench/plugins/fr.ac6.mcu.externaltools.arm-none.win32_1.17.0.201812190825/tools/compiler/bin/../lib/gcc/arm-none-eabi/7.3.1/../../../../arm-none-eabi/lib/thumb/v6-m\libc.a(lib_a-init.o)
                0x080052d8                __libc_init_array
 .text.memset   0x08005320       0x9c d:/programs/ac6/systemworkbench/plugins/fr.ac6.mcu.externaltools.arm-none.win32_1.17.0.201812190825/tools/compiler/bin/../lib/gcc/arm-none-eabi/7.3.1/../../../../arm-none-eabi/lib/thumb/v6-m\libc.a(lib_a-memset.o)
                0x08005320                memset
 .text.startup.register_fini
                0x080053bc       0x18 d:/programs/ac6/systemworkbench/plugins/fr.ac6.mcu.externaltools.arm-none.win32_1.17.0.201812190825/tools/compiler/bin/../lib/gcc/arm-none-eabi/7.3.1/../../../../arm-none-eabi/lib/thumb/v6-m\libc.a(lib_a-__call_atexit.o)
 .text.atexit   0x080053d4       0x10 d:/programs/ac6/systemworkbench/plugins/fr.ac6.mcu.externaltools.arm-none.win32_1.17.0.201812190825/tools/compiler/bin/../lib/gcc/arm-none-eabi/7.3.1/../../../../arm-none-eabi/lib/thumb/v6-m\libc.a(lib_a-atexit.o)
                0x080053d4                atexit
 .text.__libc_fini_array
                0x080053e4       0x34 d:/programs/ac6/systemworkbench/plugins/fr.ac6.mcu.externaltools.arm-none.win32_1.17.0.201812190825/tools/compiler/bin/../lib/gcc/arm-none-eabi/7.3.1/../../../../arm-none-eabi/lib/thumb/v6-m\libc.a(lib_a-fini.o)
                0x080053e4                __libc_fini_array
 .text.__retarget_lock_acquire_recursive
                0x08005418        0x4 d:/programs/ac6/systemworkbench/plugins/fr.ac6.mcu.externaltools.arm-none.win32_1.17.0.201812190825/tools/compiler/bin/../lib/gcc/arm-none-eabi/7.3.1/../../../../arm-none-eabi/lib/thumb/v6-m\libc.a(lib_a-lock.o)
                0x08005418                __retarget_lock_acquire_recursive
 .text.__retarget_lock_release_recursive
                0x0800541c        0x4 d:/programs/ac6/systemworkbench/plugins/fr.ac6.mcu.externaltools.arm-none.win32_1.17.0.201812190825/tools/compiler/bin/../lib/gcc/arm-none-eabi/7.3.1/../../../../arm-none-eabi/lib/thumb/v6-m\libc.a(lib_a-lock.o)
                0x0800541c                __retarget_lock_release_recursive
 .text.__register_exitproc
                0x08005420       0xf4 d:/programs/ac6/systemworkbench/plugins/fr.ac6.mcu.externaltools.arm-none.win32_1.17.0.201812190825/tools/compiler/bin/../lib/gcc/arm-none-eabi/7.3.1/../../../../arm-none-eabi/lib/thumb/v6-m\libc.a(lib_a-__atexit.o)
                0x08005420                __register_exitproc
 *(.glue_7)
 .glue_7        0x08005514        0x0 linker stubs
 *(.glue_7t)
 .glue_7t       0x08005514        0x0 linker stubs
 *(.eh_frame)
 .eh_frame      0x08005514        0x0 d:/programs/ac6/systemworkbench/plugins/fr.ac6.mcu.externaltools.arm-none.win32_1.17.0.201812190825/tools/compiler/bin/../lib/gcc/arm-none-eabi/7.3.1/thumb/v6-m/crtbegin.o
 *(.init)
 .init          0x08005514        0x4 d:/programs/ac6/systemworkbench/plugins/fr.ac6.mcu.externaltools.arm-none.win32_1.17.0.201812190825/tools/compiler/bin/../lib/gcc/arm-none-eabi/7.3.1/thumb/v6-m/crti.o
                0x08005514                _init
 .init          0x08005518        0x8 d:/programs/ac6/systemworkbench/plugins/fr.ac6.mcu.externaltools.arm-none.win32_1.17.0.201812190825/tools/compiler/bin/../lib/gcc/arm-none-eabi/7.3.1/thumb/v6-m/crtn.o
 *(.fini)
 .fini          0x08005520        0x4 d:/programs/ac6/systemworkbench/plugins/fr.ac6.mcu.externaltools.arm-none.win32_1.17.0.201812190825/tools/compiler/bin/../lib/gcc/arm-none-eabi/7.3.1/thumb/v6-m/crti.o
                0x08005520                _fini
 .fini          0x08005524        0x8 d:/programs/ac6/systemworkbench/plugins/fr.ac6.mcu.externaltools.arm-none.win32_1.17.0.201812190825/tools/compiler/bin/../lib/gcc/arm-none-eabi/7.3.1/thumb/v6-m/crtn.o
                0x0800552c                . = ALIGN (0x4)
                0x0800552c                _etext = .

.vfp11_veneer   0x0800552c        0x0
 .vfp11_veneer  0x0800552c        0x0 linker stubs

.v4_bx          0x0800552c        0x0
 .v4_bx         0x0800552c        0x0 linker stubs

.iplt           0x0800552c        0x0
 .iplt          0x0800552c        0x0 d:/programs/ac6/systemworkbench/plugins/fr.ac6.mcu.externaltools.arm-none.win32_1.17.0.201812190825/tools/compiler/bin/../lib/gcc/arm-none-eabi/7.3.1/thumb/v6-m/crtbegin.o

.rodata         0x0800552c      0x41c
                0x0800552c                . = ALIGN (0x4)
 *(.rodata)
 .rodata        0x0800552c       0x1e src/pic.o
 *fill*         0x0800554a        0x2 
 .rodata        0x0800554c      0x3f8 src/progger.o
 *(.rodata*)
 .rodata._global_impure_ptr
                0x08005944        0x4 d:/programs/ac6/systemworkbench/plugins/fr.ac6.mcu.externaltools.arm-none.win32_1.17.0.201812190825/tools/compiler/bin/../lib/gcc/arm-none-eabi/7.3.1/../../../../arm-none-eabi/lib/thumb/v6-m\libc.a(lib_a-impure.o)
                0x08005944                _global_impure_ptr
                0x08005948                . = ALIGN (0x4)

.rel.dyn        0x08005948        0x0
 .rel.iplt      0x08005948        0x0 d:/programs/ac6/systemworkbench/plugins/fr.ac6.mcu.externaltools.arm-none.win32_1.17.0.201812190825/tools/compiler/bin/../lib/gcc/arm-none-eabi/7.3.1/thumb/v6-m/crtbegin.o

.ARM.extab      0x08005948        0x0
                0x08005948                . = ALIGN (0x4)
 *(.ARM.extab* .gnu.linkonce.armextab.*)
                0x08005948                . = ALIGN (0x4)

.ARM            0x08005948        0x0
                0x08005948                . = ALIGN (0x4)
                0x08005948                __exidx_start = .
 *(.ARM.exidx*)
                0x08005948                __exidx_end = .
                0x08005948                . = ALIGN (0x4)

.preinit_array  0x08005948        0x0
                0x08005948                . = ALIGN (0x4)
                0x08005948                PROVIDE (__preinit_array_start = .)
 *(.preinit_array*)
                0x08005948                PROVIDE (__preinit_array_end = .)
                0x08005948                . = ALIGN (0x4)

.init_array     0x08005948        0x8
                0x08005948                . = ALIGN (0x4)
                0x08005948                PROVIDE (__init_array_start = .)
 *(SORT_BY_NAME(.init_array.*))
 .init_array.00000
                0x08005948        0x4 d:/programs/ac6/systemworkbench/plugins/fr.ac6.mcu.externaltools.arm-none.win32_1.17.0.201812190825/tools/compiler/bin/../lib/gcc/arm-none-eabi/7.3.1/../../../../arm-none-eabi/lib/thumb/v6-m\libc.a(lib_a-__call_atexit.o)
 *(.init_array*)
 .init_array    0x0800594c        0x4 d:/programs/ac6/systemworkbench/plugins/fr.ac6.mcu.externaltools.arm-none.win32_1.17.0.201812190825/tools/compiler/bin/../lib/gcc/arm-none-eabi/7.3.1/thumb/v6-m/crtbegin.o
                0x08005950                PROVIDE (__init_array_end = .)
                0x08005950                . = ALIGN (0x4)

.fini_array     0x08005950        0x4
                0x08005950                . = ALIGN (0x4)
                0x08005950                PROVIDE (__fini_array_start = .)
 *(SORT_BY_NAME(.fini_array.*))
 *(.fini_array*)
 .fini_array    0x08005950        0x4 d:/programs/ac6/systemworkbench/plugins/fr.ac6.mcu.externaltools.arm-none.win32_1.17.0.201812190825/tools/compiler/bin/../lib/gcc/arm-none-eabi/7.3.1/thumb/v6-m/crtbegin.o
                0x08005954                PROVIDE (__fini_array_end = .)
                0x08005954                . = ALIGN (0x4)
                0x08005954                _sidata = LOADADDR (.data)

.data           0x20000000      0x43c load address 0x08005954
                0x20000000                . = ALIGN (0x4)
                0x20000000                _sdata = .
 *(.data)
 .data          0x20000000       0x10 StdPeriph_Driver/src/stm32f0xx_rcc.o
 *(.data*)
 .data.impure_data
                0x20000010      0x428 d:/programs/ac6/systemworkbench/plugins/fr.ac6.mcu.externaltools.arm-none.win32_1.17.0.201812190825/tools/compiler/bin/../lib/gcc/arm-none-eabi/7.3.1/../../../../arm-none-eabi/lib/thumb/v6-m\libc.a(lib_a-impure.o)
 .data.__atexit_recursive_mutex
                0x20000438        0x4 d:/programs/ac6/systemworkbench/plugins/fr.ac6.mcu.externaltools.arm-none.win32_1.17.0.201812190825/tools/compiler/bin/../lib/gcc/arm-none-eabi/7.3.1/../../../../arm-none-eabi/lib/thumb/v6-m\libc.a(lib_a-__call_atexit.o)
                0x20000438                __atexit_recursive_mutex
                0x2000043c                . = ALIGN (0x4)
                0x2000043c                _edata = .

.igot.plt       0x2000043c        0x0 load address 0x08005d90
 .igot.plt      0x2000043c        0x0 d:/programs/ac6/systemworkbench/plugins/fr.ac6.mcu.externaltools.arm-none.win32_1.17.0.201812190825/tools/compiler/bin/../lib/gcc/arm-none-eabi/7.3.1/thumb/v6-m/crtbegin.o
                0x2000043c                . = ALIGN (0x4)

.bss            0x2000043c      0x1f4 load address 0x08005d90
                0x2000043c                _sbss = .
                0x2000043c                __bss_start__ = _sbss
 *(.bss)
 .bss           0x2000043c       0x1c d:/programs/ac6/systemworkbench/plugins/fr.ac6.mcu.externaltools.arm-none.win32_1.17.0.201812190825/tools/compiler/bin/../lib/gcc/arm-none-eabi/7.3.1/thumb/v6-m/crtbegin.o
 .bss           0x20000458        0x4 src/main.o
                0x20000458                rx_counter
                0x20000459                full_buff
                0x2000045a                packet_size
                0x2000045b                read_bsy
 *(.bss*)
 *(COMMON)
 COMMON         0x2000045c      0x196 src/main.o
                0x2000045c                main_buff
                0x2000055c                exchange
 COMMON         0x200005f2        0x6 src/pic.o
                0x200005f2                oscal2
                0x200005f4                oscal1
                0x200005f6                oscal3
 COMMON         0x200005f8       0x12 src/progger.o
                0x200005f8                main_counter
                0x200005fc                f_size
                0x20000600                wr_delay
                0x20000602                ee_size
                0x20000604                f_psize
                0x20000606                osc_cnt
                0x20000607                osc_start
                0x20000608                conf_cnt
                0x20000609                device
 *fill*         0x2000060a        0x2 
 COMMON         0x2000060c       0x21 d:/programs/ac6/systemworkbench/plugins/fr.ac6.mcu.externaltools.arm-none.win32_1.17.0.201812190825/tools/compiler/bin/../lib/gcc/arm-none-eabi/7.3.1/../../../../arm-none-eabi/lib/thumb/v6-m\libc.a(lib_a-lock.o)
                0x2000060c                __lock___atexit_recursive_mutex
                0x20000610                __lock___arc4random_mutex
                0x20000614                __lock___env_recursive_mutex
                0x20000618                __lock___sinit_recursive_mutex
                0x2000061c                __lock___malloc_recursive_mutex
                0x20000620                __lock___at_quick_exit_mutex
                0x20000624                __lock___dd_hash_mutex
                0x20000628                __lock___tz_mutex
                0x2000062c                __lock___sfp_recursive_mutex
                0x20000630                . = ALIGN (0x4)
 *fill*         0x2000062d        0x3 
                0x20000630                _ebss = .
                0x20000630                __bss_end__ = _ebss

._user_heap_stack
                0x20000630      0x400 load address 0x08005d90
                0x20000630                . = ALIGN (0x8)
                0x20000630                PROVIDE (end = .)
                [!provide]                PROVIDE (_end = .)
                0x20000630                . = (. + _Min_Heap_Size)
                0x20000a30                . = (. + _Min_Stack_Size)
 *fill*         0x20000630      0x400 
                0x20000a30                . = ALIGN (0x8)

/DISCARD/
 libc.a(*)
 libm.a(*)
 libgcc.a(*)

.ARM.attributes
                0x00000000       0x28
 *(.ARM.attributes)
 .ARM.attributes
                0x00000000       0x1e d:/programs/ac6/systemworkbench/plugins/fr.ac6.mcu.externaltools.arm-none.win32_1.17.0.201812190825/tools/compiler/bin/../lib/gcc/arm-none-eabi/7.3.1/thumb/v6-m/crti.o
 .ARM.attributes
                0x0000001e       0x2c d:/programs/ac6/systemworkbench/plugins/fr.ac6.mcu.externaltools.arm-none.win32_1.17.0.201812190825/tools/compiler/bin/../lib/gcc/arm-none-eabi/7.3.1/thumb/v6-m/crtbegin.o
 .ARM.attributes
                0x0000004a       0x31 StdPeriph_Driver/src/stm32f0xx_gpio.o
 .ARM.attributes
                0x0000007b       0x31 StdPeriph_Driver/src/stm32f0xx_misc.o
 .ARM.attributes
                0x000000ac       0x31 StdPeriph_Driver/src/stm32f0xx_rcc.o
 .ARM.attributes
                0x000000dd       0x31 StdPeriph_Driver/src/stm32f0xx_usart.o
 .ARM.attributes
                0x0000010e       0x31 src/delay.o
 .ARM.attributes
                0x0000013f       0x31 src/gpio.o
 .ARM.attributes
                0x00000170       0x31 src/main.o
 .ARM.attributes
                0x000001a1       0x31 src/pic.o
 .ARM.attributes
                0x000001d2       0x31 src/progger.o
 .ARM.attributes
                0x00000203       0x31 src/system_stm32f0xx.o
 .ARM.attributes
                0x00000234       0x31 src/usart.o
 .ARM.attributes
                0x00000265       0x21 startup/startup_stm32.o
 .ARM.attributes
                0x00000286       0x1e d:/programs/ac6/systemworkbench/plugins/fr.ac6.mcu.externaltools.arm-none.win32_1.17.0.201812190825/tools/compiler/bin/../lib/gcc/arm-none-eabi/7.3.1/thumb/v6-m\libgcc.a(_udivsi3.o)
 .ARM.attributes
                0x000002a4       0x1e d:/programs/ac6/systemworkbench/plugins/fr.ac6.mcu.externaltools.arm-none.win32_1.17.0.201812190825/tools/compiler/bin/../lib/gcc/arm-none-eabi/7.3.1/thumb/v6-m\libgcc.a(_dvmd_tls.o)
 .ARM.attributes
                0x000002c2       0x2c d:/programs/ac6/systemworkbench/plugins/fr.ac6.mcu.externaltools.arm-none.win32_1.17.0.201812190825/tools/compiler/bin/../lib/gcc/arm-none-eabi/7.3.1/../../../../arm-none-eabi/lib/thumb/v6-m\libc.a(lib_a-impure.o)
 .ARM.attributes
                0x000002ee       0x2c d:/programs/ac6/systemworkbench/plugins/fr.ac6.mcu.externaltools.arm-none.win32_1.17.0.201812190825/tools/compiler/bin/../lib/gcc/arm-none-eabi/7.3.1/../../../../arm-none-eabi/lib/thumb/v6-m\libc.a(lib_a-init.o)
 .ARM.attributes
                0x0000031a       0x2c d:/programs/ac6/systemworkbench/plugins/fr.ac6.mcu.externaltools.arm-none.win32_1.17.0.201812190825/tools/compiler/bin/../lib/gcc/arm-none-eabi/7.3.1/../../../../arm-none-eabi/lib/thumb/v6-m\libc.a(lib_a-memset.o)
 .ARM.attributes
                0x00000346       0x2c d:/programs/ac6/systemworkbench/plugins/fr.ac6.mcu.externaltools.arm-none.win32_1.17.0.201812190825/tools/compiler/bin/../lib/gcc/arm-none-eabi/7.3.1/../../../../arm-none-eabi/lib/thumb/v6-m\libc.a(lib_a-__call_atexit.o)
 .ARM.attributes
                0x00000372       0x2c d:/programs/ac6/systemworkbench/plugins/fr.ac6.mcu.externaltools.arm-none.win32_1.17.0.201812190825/tools/compiler/bin/../lib/gcc/arm-none-eabi/7.3.1/../../../../arm-none-eabi/lib/thumb/v6-m\libc.a(lib_a-atexit.o)
 .ARM.attributes
                0x0000039e       0x2c d:/programs/ac6/systemworkbench/plugins/fr.ac6.mcu.externaltools.arm-none.win32_1.17.0.201812190825/tools/compiler/bin/../lib/gcc/arm-none-eabi/7.3.1/../../../../arm-none-eabi/lib/thumb/v6-m\libc.a(lib_a-fini.o)
 .ARM.attributes
                0x000003ca       0x2c d:/programs/ac6/systemworkbench/plugins/fr.ac6.mcu.externaltools.arm-none.win32_1.17.0.201812190825/tools/compiler/bin/../lib/gcc/arm-none-eabi/7.3.1/../../../../arm-none-eabi/lib/thumb/v6-m\libc.a(lib_a-lock.o)
 .ARM.attributes
                0x000003f6       0x2c d:/programs/ac6/systemworkbench/plugins/fr.ac6.mcu.externaltools.arm-none.win32_1.17.0.201812190825/tools/compiler/bin/../lib/gcc/arm-none-eabi/7.3.1/../../../../arm-none-eabi/lib/thumb/v6-m\libc.a(lib_a-__atexit.o)
 .ARM.attributes
                0x00000422       0x1e d:/programs/ac6/systemworkbench/plugins/fr.ac6.mcu.externaltools.arm-none.win32_1.17.0.201812190825/tools/compiler/bin/../lib/gcc/arm-none-eabi/7.3.1/thumb/v6-m/crtn.o
OUTPUT(pic_pgm.elf elf32-littlearm)

.debug_info     0x00000000     0x4c4b
 .debug_info    0x00000000      0x5f9 StdPeriph_Driver/src/stm32f0xx_gpio.o
 .debug_info    0x000005f9      0x370 StdPeriph_Driver/src/stm32f0xx_misc.o
 .debug_info    0x00000969      0xa6b StdPeriph_Driver/src/stm32f0xx_rcc.o
 .debug_info    0x000013d4      0xe6a StdPeriph_Driver/src/stm32f0xx_usart.o
 .debug_info    0x0000223e      0x3bd src/delay.o
 .debug_info    0x000025fb      0x2eb src/gpio.o
 .debug_info    0x000028e6      0x35a src/main.o
 .debug_info    0x00002c40     0x14dd src/pic.o
 .debug_info    0x0000411d      0x24b src/progger.o
 .debug_info    0x00004368      0x306 src/system_stm32f0xx.o
 .debug_info    0x0000466e      0x5bb src/usart.o
 .debug_info    0x00004c29       0x22 startup/startup_stm32.o

.debug_abbrev   0x00000000      0xed5
 .debug_abbrev  0x00000000      0x19f StdPeriph_Driver/src/stm32f0xx_gpio.o
 .debug_abbrev  0x0000019f      0x145 StdPeriph_Driver/src/stm32f0xx_misc.o
 .debug_abbrev  0x000002e4      0x206 StdPeriph_Driver/src/stm32f0xx_rcc.o
 .debug_abbrev  0x000004ea      0x176 StdPeriph_Driver/src/stm32f0xx_usart.o
 .debug_abbrev  0x00000660       0xcb src/delay.o
 .debug_abbrev  0x0000072b      0x122 src/gpio.o
 .debug_abbrev  0x0000084d      0x102 src/main.o
 .debug_abbrev  0x0000094f      0x1c7 src/pic.o
 .debug_abbrev  0x00000b16       0xcc src/progger.o
 .debug_abbrev  0x00000be2      0x15b src/system_stm32f0xx.o
 .debug_abbrev  0x00000d3d      0x186 src/usart.o
 .debug_abbrev  0x00000ec3       0x12 startup/startup_stm32.o

.debug_aranges  0x00000000      0x720
 .debug_aranges
                0x00000000       0x80 StdPeriph_Driver/src/stm32f0xx_gpio.o
 .debug_aranges
                0x00000080       0x30 StdPeriph_Driver/src/stm32f0xx_misc.o
 .debug_aranges
                0x000000b0      0x160 StdPeriph_Driver/src/stm32f0xx_rcc.o
 .debug_aranges
                0x00000210      0x1a0 StdPeriph_Driver/src/stm32f0xx_usart.o
 .debug_aranges
                0x000003b0       0x30 src/delay.o
 .debug_aranges
                0x000003e0       0x30 src/gpio.o
 .debug_aranges
                0x00000410       0x28 src/main.o
 .debug_aranges
                0x00000438      0x228 src/pic.o
 .debug_aranges
                0x00000660       0x38 src/progger.o
 .debug_aranges
                0x00000698       0x30 src/system_stm32f0xx.o
 .debug_aranges
                0x000006c8       0x30 src/usart.o
 .debug_aranges
                0x000006f8       0x28 startup/startup_stm32.o

.debug_ranges   0x00000000      0x668
 .debug_ranges  0x00000000       0x70 StdPeriph_Driver/src/stm32f0xx_gpio.o
 .debug_ranges  0x00000070       0x20 StdPeriph_Driver/src/stm32f0xx_misc.o
 .debug_ranges  0x00000090      0x150 StdPeriph_Driver/src/stm32f0xx_rcc.o
 .debug_ranges  0x000001e0      0x190 StdPeriph_Driver/src/stm32f0xx_usart.o
 .debug_ranges  0x00000370       0x20 src/delay.o
 .debug_ranges  0x00000390       0x20 src/gpio.o
 .debug_ranges  0x000003b0       0x18 src/main.o
 .debug_ranges  0x000003c8      0x218 src/pic.o
 .debug_ranges  0x000005e0       0x28 src/progger.o
 .debug_ranges  0x00000608       0x20 src/system_stm32f0xx.o
 .debug_ranges  0x00000628       0x20 src/usart.o
 .debug_ranges  0x00000648       0x20 startup/startup_stm32.o

.debug_macro    0x00000000     0x1e9b
 .debug_macro   0x00000000      0x197 StdPeriph_Driver/src/stm32f0xx_gpio.o
 .debug_macro   0x00000197      0x17f StdPeriph_Driver/src/stm32f0xx_gpio.o
 .debug_macro   0x00000316      0x193 StdPeriph_Driver/src/stm32f0xx_misc.o
 .debug_macro   0x000004a9       0x34 StdPeriph_Driver/src/stm32f0xx_misc.o
 .debug_macro   0x000004dd      0x1b1 StdPeriph_Driver/src/stm32f0xx_rcc.o
 .debug_macro   0x0000068e      0x55b StdPeriph_Driver/src/stm32f0xx_rcc.o
 .debug_macro   0x00000be9      0x1af StdPeriph_Driver/src/stm32f0xx_usart.o
 .debug_macro   0x00000d98      0x350 StdPeriph_Driver/src/stm32f0xx_usart.o
 .debug_macro   0x000010e8      0x193 src/delay.o
 .debug_macro   0x0000127b      0x198 src/gpio.o
 .debug_macro   0x00001413       0xac src/gpio.o
 .debug_macro   0x000014bf      0x1d4 src/main.o
 .debug_macro   0x00001693       0xb2 src/main.o
 .debug_macro   0x00001745       0x94 src/main.o
 .debug_macro   0x000017d9       0x16 src/main.o
 .debug_macro   0x000017ef      0x1c8 src/pic.o
 .debug_macro   0x000019b7      0x1c8 src/progger.o
 .debug_macro   0x00001b7f      0x189 src/system_stm32f0xx.o
 .debug_macro   0x00001d08      0x193 src/usart.o

.debug_line     0x00000000     0x5e5b
 .debug_line    0x00000000      0x6ef StdPeriph_Driver/src/stm32f0xx_gpio.o
 .debug_line    0x000006ef      0x5de StdPeriph_Driver/src/stm32f0xx_misc.o
 .debug_line    0x00000ccd      0x952 StdPeriph_Driver/src/stm32f0xx_rcc.o
 .debug_line    0x0000161f      0x9f3 StdPeriph_Driver/src/stm32f0xx_usart.o
 .debug_line    0x00002012      0x5f6 src/delay.o
 .debug_line    0x00002608      0x5f0 src/gpio.o
 .debug_line    0x00002bf8      0x621 src/main.o
 .debug_line    0x00003219     0x1865 src/pic.o
 .debug_line    0x00004a7e      0x754 src/progger.o
 .debug_line    0x000051d2      0x610 src/system_stm32f0xx.o
 .debug_line    0x000057e2      0x5fd src/usart.o
 .debug_line    0x00005ddf       0x7c startup/startup_stm32.o

.debug_str      0x00000000    0x4ca0d
 .debug_str     0x00000000    0x4a9fd StdPeriph_Driver/src/stm32f0xx_gpio.o
                              0x4abab (size before relaxing)
 .debug_str     0x0004a9fd      0x168 StdPeriph_Driver/src/stm32f0xx_misc.o
                              0x4aa15 (size before relaxing)
 .debug_str     0x0004ab65      0x67a StdPeriph_Driver/src/stm32f0xx_rcc.o
                              0x4af7c (size before relaxing)
 .debug_str     0x0004b1df      0x806 StdPeriph_Driver/src/stm32f0xx_usart.o
                              0x4b1d3 (size before relaxing)
 .debug_str     0x0004b9e5       0xde src/delay.o
                              0x4a9e5 (size before relaxing)
 .debug_str     0x0004bac3      0x501 src/gpio.o
                              0x4af1e (size before relaxing)
 .debug_str     0x0004bfc4      0x2da src/main.o
                              0x4b0cb (size before relaxing)
 .debug_str     0x0004c29e      0x4da src/pic.o
                              0x4b54e (size before relaxing)
 .debug_str     0x0004c778       0x5b src/progger.o
                              0x4b09f (size before relaxing)
 .debug_str     0x0004c7d3       0x6b src/system_stm32f0xx.o
                              0x4a995 (size before relaxing)
 .debug_str     0x0004c83e      0x1a6 src/usart.o
                              0x4ad35 (size before relaxing)
 .debug_str     0x0004c9e4       0x29 startup/startup_stm32.o
                                 0x49 (size before relaxing)

.comment        0x00000000       0x7f
 .comment       0x00000000       0x7f StdPeriph_Driver/src/stm32f0xx_gpio.o
                                 0x80 (size before relaxing)
 .comment       0x0000007f       0x80 StdPeriph_Driver/src/stm32f0xx_misc.o
 .comment       0x0000007f       0x80 StdPeriph_Driver/src/stm32f0xx_rcc.o
 .comment       0x0000007f       0x80 StdPeriph_Driver/src/stm32f0xx_usart.o
 .comment       0x0000007f       0x80 src/delay.o
 .comment       0x0000007f       0x80 src/gpio.o
 .comment       0x0000007f       0x80 src/main.o
 .comment       0x0000007f       0x80 src/pic.o
 .comment       0x0000007f       0x80 src/progger.o
 .comment       0x0000007f       0x80 src/system_stm32f0xx.o
 .comment       0x0000007f       0x80 src/usart.o

.debug_frame    0x00000000     0x1a34
 .debug_frame   0x00000000      0x1b0 StdPeriph_Driver/src/stm32f0xx_gpio.o
 .debug_frame   0x000001b0       0x70 StdPeriph_Driver/src/stm32f0xx_misc.o
 .debug_frame   0x00000220      0x524 StdPeriph_Driver/src/stm32f0xx_rcc.o
 .debug_frame   0x00000744      0x630 StdPeriph_Driver/src/stm32f0xx_usart.o
 .debug_frame   0x00000d74       0x6c src/delay.o
 .debug_frame   0x00000de0       0x68 src/gpio.o
 .debug_frame   0x00000e48       0x48 src/main.o
 .debug_frame   0x00000e90      0x828 src/pic.o
 .debug_frame   0x000016b8       0x90 src/progger.o
 .debug_frame   0x00001748       0x6c src/system_stm32f0xx.o
 .debug_frame   0x000017b4       0x70 src/usart.o
 .debug_frame   0x00001824       0x20 d:/programs/ac6/systemworkbench/plugins/fr.ac6.mcu.externaltools.arm-none.win32_1.17.0.201812190825/tools/compiler/bin/../lib/gcc/arm-none-eabi/7.3.1/thumb/v6-m\libgcc.a(_udivsi3.o)
 .debug_frame   0x00001844       0x2c d:/programs/ac6/systemworkbench/plugins/fr.ac6.mcu.externaltools.arm-none.win32_1.17.0.201812190825/tools/compiler/bin/../lib/gcc/arm-none-eabi/7.3.1/../../../../arm-none-eabi/lib/thumb/v6-m\libc.a(lib_a-init.o)
 .debug_frame   0x00001870       0x30 d:/programs/ac6/systemworkbench/plugins/fr.ac6.mcu.externaltools.arm-none.win32_1.17.0.201812190825/tools/compiler/bin/../lib/gcc/arm-none-eabi/7.3.1/../../../../arm-none-eabi/lib/thumb/v6-m\libc.a(lib_a-memset.o)
 .debug_frame   0x000018a0       0x54 d:/programs/ac6/systemworkbench/plugins/fr.ac6.mcu.externaltools.arm-none.win32_1.17.0.201812190825/tools/compiler/bin/../lib/gcc/arm-none-eabi/7.3.1/../../../../arm-none-eabi/lib/thumb/v6-m\libc.a(lib_a-__call_atexit.o)
 .debug_frame   0x000018f4       0x28 d:/programs/ac6/systemworkbench/plugins/fr.ac6.mcu.externaltools.arm-none.win32_1.17.0.201812190825/tools/compiler/bin/../lib/gcc/arm-none-eabi/7.3.1/../../../../arm-none-eabi/lib/thumb/v6-m\libc.a(lib_a-atexit.o)
 .debug_frame   0x0000191c       0x2c d:/programs/ac6/systemworkbench/plugins/fr.ac6.mcu.externaltools.arm-none.win32_1.17.0.201812190825/tools/compiler/bin/../lib/gcc/arm-none-eabi/7.3.1/../../../../arm-none-eabi/lib/thumb/v6-m\libc.a(lib_a-fini.o)
 .debug_frame   0x00001948       0xb0 d:/programs/ac6/systemworkbench/plugins/fr.ac6.mcu.externaltools.arm-none.win32_1.17.0.201812190825/tools/compiler/bin/../lib/gcc/arm-none-eabi/7.3.1/../../../../arm-none-eabi/lib/thumb/v6-m\libc.a(lib_a-lock.o)
 .debug_frame   0x000019f8       0x3c d:/programs/ac6/systemworkbench/plugins/fr.ac6.mcu.externaltools.arm-none.win32_1.17.0.201812190825/tools/compiler/bin/../lib/gcc/arm-none-eabi/7.3.1/../../../../arm-none-eabi/lib/thumb/v6-m\libc.a(lib_a-__atexit.o)
