Archive member included to satisfy reference by file (symbol)

c:/avr8-gnu-toolchain_for_eclipse/bin/../lib/gcc/avr/4.9.2/avr5\libgcc.a(_exit.o)
                              c:/avr8-gnu-toolchain_for_eclipse/bin/../lib/gcc/avr/4.9.2/../../../../avr/lib/avr5/crtatmega328p.o (exit)
c:/avr8-gnu-toolchain_for_eclipse/bin/../lib/gcc/avr/4.9.2/avr5\libgcc.a(_tablejump2.o)
                              ./src/progger.o (__tablejump2__)
c:/avr8-gnu-toolchain_for_eclipse/bin/../lib/gcc/avr/4.9.2/avr5\libgcc.a(_copy_data.o)
                              ./src/pic.o (__do_copy_data)
c:/avr8-gnu-toolchain_for_eclipse/bin/../lib/gcc/avr/4.9.2/avr5\libgcc.a(_clear_bss.o)
                              ./src/main.o (__do_clear_bss)

Allocating common symbols
Common symbol       size              file

main_counter        0x4               ./src/progger.o
main_buff           0x100             ./src/main.o
f_size              0x4               ./src/progger.o
wr_delay            0x2               ./src/progger.o
ee_size             0x2               ./src/progger.o
oscal2              0x2               ./src/pic.o
oscal1              0x2               ./src/pic.o
f_psize             0x2               ./src/progger.o
osc_cnt             0x1               ./src/progger.o
osc_start           0x1               ./src/progger.o
conf_cnt            0x1               ./src/progger.o
exchange            0x96              ./src/main.o
device              0x1               ./src/progger.o
oscal3              0x2               ./src/pic.o

Memory Configuration

Name             Origin             Length             Attributes
text             0x00000000         0x00020000         xr
data             0x00800060         0x0000ffa0         rw !x
eeprom           0x00810000         0x00010000         rw !x
fuse             0x00820000         0x00000003         rw !x
lock             0x00830000         0x00000400         rw !x
signature        0x00840000         0x00000400         rw !x
user_signatures  0x00850000         0x00000400         rw !x
*default*        0x00000000         0xffffffff

Linker script and memory map

Address of section .data set to 0x800100
LOAD c:/avr8-gnu-toolchain_for_eclipse/bin/../lib/gcc/avr/4.9.2/../../../../avr/lib/avr5/crtatmega328p.o
LOAD ./src/gpio.o
LOAD ./src/main.o
LOAD ./src/pic.o
LOAD ./src/progger.o
LOAD ./src/usart.o
START GROUP
LOAD c:/avr8-gnu-toolchain_for_eclipse/bin/../lib/gcc/avr/4.9.2/avr5\libgcc.a
LOAD c:/avr8-gnu-toolchain_for_eclipse/bin/../lib/gcc/avr/4.9.2/../../../../avr/lib/avr5\libm.a
LOAD c:/avr8-gnu-toolchain_for_eclipse/bin/../lib/gcc/avr/4.9.2/../../../../avr/lib/avr5\libc.a
LOAD c:/avr8-gnu-toolchain_for_eclipse/bin/../lib/gcc/avr/4.9.2/../../../../avr/lib/avr5\libatmega328p.a
END GROUP
                0x00020000                __TEXT_REGION_LENGTH__ = DEFINED (__TEXT_REGION_LENGTH__)?__TEXT_REGION_LENGTH__:0x20000
                0x0000ffa0                __DATA_REGION_LENGTH__ = DEFINED (__DATA_REGION_LENGTH__)?__DATA_REGION_LENGTH__:0xffa0
                0x00010000                __EEPROM_REGION_LENGTH__ = DEFINED (__EEPROM_REGION_LENGTH__)?__EEPROM_REGION_LENGTH__:0x10000
                [0x00000003]                __FUSE_REGION_LENGTH__ = DEFINED (__FUSE_REGION_LENGTH__)?__FUSE_REGION_LENGTH__:0x400
                0x00000400                __LOCK_REGION_LENGTH__ = DEFINED (__LOCK_REGION_LENGTH__)?__LOCK_REGION_LENGTH__:0x400
                0x00000400                __SIGNATURE_REGION_LENGTH__ = DEFINED (__SIGNATURE_REGION_LENGTH__)?__SIGNATURE_REGION_LENGTH__:0x400
                0x00000400                __USER_SIGNATURE_REGION_LENGTH__ = DEFINED (__USER_SIGNATURE_REGION_LENGTH__)?__USER_SIGNATURE_REGION_LENGTH__:0x400

.hash
 *(.hash)

.dynsym
 *(.dynsym)

.dynstr
 *(.dynstr)

.gnu.version
 *(.gnu.version)

.gnu.version_d
 *(.gnu.version_d)

.gnu.version_r
 *(.gnu.version_r)

.rel.init
 *(.rel.init)

.rela.init
 *(.rela.init)

.rel.text
 *(.rel.text)
 *(.rel.text.*)
 *(.rel.gnu.linkonce.t*)

.rela.text
 *(.rela.text)
 *(.rela.text.*)
 *(.rela.gnu.linkonce.t*)

.rel.fini
 *(.rel.fini)

.rela.fini
 *(.rela.fini)

.rel.rodata
 *(.rel.rodata)
 *(.rel.rodata.*)
 *(.rel.gnu.linkonce.r*)

.rela.rodata
 *(.rela.rodata)
 *(.rela.rodata.*)
 *(.rela.gnu.linkonce.r*)

.rel.data
 *(.rel.data)
 *(.rel.data.*)
 *(.rel.gnu.linkonce.d*)

.rela.data
 *(.rela.data)
 *(.rela.data.*)
 *(.rela.gnu.linkonce.d*)

.rel.ctors
 *(.rel.ctors)

.rela.ctors
 *(.rela.ctors)

.rel.dtors
 *(.rel.dtors)

.rela.dtors
 *(.rela.dtors)

.rel.got
 *(.rel.got)

.rela.got
 *(.rela.got)

.rel.bss
 *(.rel.bss)

.rela.bss
 *(.rela.bss)

.rel.plt
 *(.rel.plt)

.rela.plt
 *(.rela.plt)

.text           0x00000000     0x3ab8
 *(.vectors)
 .vectors       0x00000000       0x68 c:/avr8-gnu-toolchain_for_eclipse/bin/../lib/gcc/avr/4.9.2/../../../../avr/lib/avr5/crtatmega328p.o
                0x00000000                __vector_default
                0x00000000                __vectors
 *(.vectors)
 *(.progmem.gcc*)
 .progmem.gcc_sw_table.deassemble_frame
                0x00000068      0x17a ./src/progger.o
                0x000001e2                . = ALIGN (0x2)
                0x000001e2                __trampolines_start = .
 *(.trampolines)
 .trampolines   0x000001e2        0x0 linker stubs
 *(.trampolines*)
                0x000001e2                __trampolines_end = .
 *libprintf_flt.a:*(.progmem.data)
 *libc.a:*(.progmem.data)
 *(.progmem*)
                0x000001e2                . = ALIGN (0x2)
 *(.jumptables)
 *(.jumptables*)
 *(.lowtext)
 *(.lowtext*)
                0x000001e2                __ctors_start = .
 *(.ctors)
                0x000001e2                __ctors_end = .
                0x000001e2                __dtors_start = .
 *(.dtors)
                0x000001e2                __dtors_end = .
 SORT(*)(.ctors)
 SORT(*)(.dtors)
 *(.init0)
 .init0         0x000001e2        0x0 c:/avr8-gnu-toolchain_for_eclipse/bin/../lib/gcc/avr/4.9.2/../../../../avr/lib/avr5/crtatmega328p.o
                0x000001e2                __init
 *(.init0)
 *(.init1)
 *(.init1)
 *(.init2)
 .init2         0x000001e2        0xc c:/avr8-gnu-toolchain_for_eclipse/bin/../lib/gcc/avr/4.9.2/../../../../avr/lib/avr5/crtatmega328p.o
 *(.init2)
 *(.init3)
 *(.init3)
 *(.init4)
 .init4         0x000001ee       0x16 c:/avr8-gnu-toolchain_for_eclipse/bin/../lib/gcc/avr/4.9.2/avr5\libgcc.a(_copy_data.o)
                0x000001ee                __do_copy_data
 .init4         0x00000204       0x10 c:/avr8-gnu-toolchain_for_eclipse/bin/../lib/gcc/avr/4.9.2/avr5\libgcc.a(_clear_bss.o)
                0x00000204                __do_clear_bss
 *(.init4)
 *(.init5)
 *(.init5)
 *(.init6)
 *(.init6)
 *(.init7)
 *(.init7)
 *(.init8)
 *(.init8)
 *(.init9)
 .init9         0x00000214        0x8 c:/avr8-gnu-toolchain_for_eclipse/bin/../lib/gcc/avr/4.9.2/../../../../avr/lib/avr5/crtatmega328p.o
 *(.init9)
 *(.text)
 .text          0x0000021c        0x4 c:/avr8-gnu-toolchain_for_eclipse/bin/../lib/gcc/avr/4.9.2/../../../../avr/lib/avr5/crtatmega328p.o
                0x0000021c                __vector_22
                0x0000021c                __vector_1
                0x0000021c                __vector_24
                0x0000021c                __vector_12
                0x0000021c                __bad_interrupt
                0x0000021c                __vector_6
                0x0000021c                __vector_3
                0x0000021c                __vector_23
                0x0000021c                __vector_25
                0x0000021c                __vector_11
                0x0000021c                __vector_13
                0x0000021c                __vector_17
                0x0000021c                __vector_19
                0x0000021c                __vector_7
                0x0000021c                __vector_5
                0x0000021c                __vector_4
                0x0000021c                __vector_9
                0x0000021c                __vector_2
                0x0000021c                __vector_21
                0x0000021c                __vector_15
                0x0000021c                __vector_8
                0x0000021c                __vector_14
                0x0000021c                __vector_10
                0x0000021c                __vector_16
                0x0000021c                __vector_20
 .text          0x00000220        0x0 ./src/gpio.o
 .text          0x00000220        0x0 ./src/main.o
 .text          0x00000220        0x0 ./src/pic.o
 .text          0x00000220        0x0 ./src/progger.o
 .text          0x00000220        0x0 ./src/usart.o
 .text          0x00000220        0x0 c:/avr8-gnu-toolchain_for_eclipse/bin/../lib/gcc/avr/4.9.2/avr5\libgcc.a(_exit.o)
 .text          0x00000220        0x0 c:/avr8-gnu-toolchain_for_eclipse/bin/../lib/gcc/avr/4.9.2/avr5\libgcc.a(_tablejump2.o)
 .text          0x00000220        0x0 c:/avr8-gnu-toolchain_for_eclipse/bin/../lib/gcc/avr/4.9.2/avr5\libgcc.a(_copy_data.o)
 .text          0x00000220        0x0 c:/avr8-gnu-toolchain_for_eclipse/bin/../lib/gcc/avr/4.9.2/avr5\libgcc.a(_clear_bss.o)
                0x00000220                . = ALIGN (0x2)
 *(.text.*)
 .text.gpio_init
                0x00000220        0xc ./src/gpio.o
                0x00000220                gpio_init
 .text.pgd_read
                0x0000022c        0x4 ./src/gpio.o
                0x0000022c                pgd_read
 .text.pgd_write
                0x00000230        0x4 ./src/gpio.o
                0x00000230                pgd_write
 .text.__vector_18
                0x00000234       0x8c ./src/main.o
                0x00000234                __vector_18
 .text.startup.main
                0x000002c0       0x26 ./src/main.o
                0x000002c0                main
 .text.delay_ms
                0x000002e6       0x1e ./src/pic.o
                0x000002e6                delay_ms
 .text.delay_us
                0x00000304       0x1a ./src/pic.o
                0x00000304                delay_us
 .text.p16f7x_progMode
                0x0000031e       0x34 ./src/pic.o
                0x0000031e                p16f7x_progMode
 .text.p16f628A_progMode
                0x00000352       0x34 ./src/pic.o
                0x00000352                p16f628A_progMode
 .text.p16f7x_writeComm
                0x00000386       0xdc ./src/pic.o
                0x00000386                p16f7x_writeComm
 .text.p16f183xx_setAdd
                0x00000462      0x146 ./src/pic.o
                0x00000462                p16f183xx_setAdd
 .text.p16f184xx_writeComm
                0x000005a8      0x150 ./src/pic.o
                0x000005a8                p16f184xx_writeComm
 .text.p16f184xx_readComm
                0x000006f8       0xea ./src/pic.o
                0x000006f8                p16f184xx_readComm
 .text.p16f7x_readComm
                0x000007e2       0xf4 ./src/pic.o
                0x000007e2                p16f7x_readComm
 .text.p18fx5xx_writeComm
                0x000008d6       0xc6 ./src/pic.o
                0x000008d6                p18fx5xx_writeComm
 .text.p18fx5xx_writeNop
                0x0000099c       0x52 ./src/pic.o
                0x0000099c                p18fx5xx_writeNop
 .text.p18fxxk80_password
                0x000009ee       0x88 ./src/pic.o
                0x000009ee                p18fxxk80_password
 .text.p18fxxjxx_progMode
                0x00000a76       0x4a ./src/pic.o
                0x00000a76                p18fxxjxx_progMode
 .text.progMode
                0x00000ac0       0x34 ./src/pic.o
                0x00000ac0                progMode
 .text.p18fx5xx_readComm
                0x00000af4      0x10a ./src/pic.o
                0x00000af4                p18fx5xx_readComm
 .text.p18fx5xx_setDP
                0x00000bfe       0x5c ./src/pic.o
                0x00000bfe                p18fx5xx_setDP
 .text.p16f7x_reset
                0x00000c5a       0x18 ./src/pic.o
                0x00000c5a                p16f7x_reset
 .text.p18fxxjxx_reset
                0x00000c72       0x18 ./src/pic.o
                0x00000c72                p18fxxjxx_reset
 .text.reset    0x00000c8a       0x10 ./src/pic.o
                0x00000c8a                reset
 .text.p16f7x_getId
                0x00000c9a       0x76 ./src/pic.o
                0x00000c9a                p16f7x_getId
 .text.p16f184xx_getId
                0x00000d10       0x7c ./src/pic.o
                0x00000d10                p16f184xx_getId
 .text.p18fx5xx_getId
                0x00000d8c       0x5c ./src/pic.o
                0x00000d8c                p18fx5xx_getId
 .text.p16f7x_readCfg
                0x00000de8      0x104 ./src/pic.o
                0x00000de8                p16f7x_readCfg
 .text.p16f184xx_readCfg
                0x00000eec      0x116 ./src/pic.o
                0x00000eec                p16f184xx_readCfg
 .text.p16f5x_readCfg
                0x00001002       0x44 ./src/pic.o
                0x00001002                p16f5x_readCfg
 .text.p18fx5xx_readCfg
                0x00001046       0x80 ./src/pic.o
                0x00001046                p18fx5xx_readCfg
 .text.p16f7x_writeCfg
                0x000010c6       0x84 ./src/pic.o
                0x000010c6                p16f7x_writeCfg
 .text.p16f184xx_writeCfg
                0x0000114a       0xbe ./src/pic.o
                0x0000114a                p16f184xx_writeCfg
 .text.p16f5x_writeCfg
                0x00001208       0x50 ./src/pic.o
                0x00001208                p16f5x_writeCfg
 .text.p12f1840_writeCfg
                0x00001258       0x86 ./src/pic.o
                0x00001258                p12f1840_writeCfg
 .text.p16f84a_writeCfg
                0x000012de       0x60 ./src/pic.o
                0x000012de                p16f84a_writeCfg
 .text.p18fx5xx_writeCfg
                0x0000133e       0x7c ./src/pic.o
                0x0000133e                p18fx5xx_writeCfg
 .text.p18fxxk80_writeCfg
                0x000013ba       0x92 ./src/pic.o
                0x000013ba                p18fxxk80_writeCfg
 .text.p16f7x_read
                0x0000144c       0xc0 ./src/pic.o
                0x0000144c                p16f7x_read
 .text.p16f183xx_read
                0x0000150c      0x10c ./src/pic.o
                0x0000150c                p16f183xx_read
 .text.p16f184xx_read
                0x00001618      0x124 ./src/pic.o
                0x00001618                p16f184xx_read
 .text.p16f628a_read
                0x0000173c      0x12a ./src/pic.o
                0x0000173c                p16f628a_read
 .text.p18fx5xx_read
                0x00001866      0x1ce ./src/pic.o
                0x00001866                p18fx5xx_read
 .text.p18fxxk80_read
                0x00001a34      0x1c6 ./src/pic.o
                0x00001a34                p18fxxk80_read
 .text.p16f7x_erase
                0x00001bfa       0x3a ./src/pic.o
                0x00001bfa                p16f7x_erase
 .text.p16f184xx_erase
                0x00001c34       0x9a ./src/pic.o
                0x00001c34                p16f184xx_erase
 .text.p16f5x_erase
                0x00001cce      0x19a ./src/pic.o
                0x00001cce                p16f5x_erase
 .text.p16f628a_erase
                0x00001e68       0xac ./src/pic.o
                0x00001e68                p16f628a_erase
 .text.p16f81x_erase
                0x00001f14       0x32 ./src/pic.o
                0x00001f14                p16f81x_erase
 .text.p16f84a_erase
                0x00001f46      0x106 ./src/pic.o
                0x00001f46                p16f84a_erase
 .text.p16f87x_erase
                0x0000204c       0xbc ./src/pic.o
                0x0000204c                p16f87x_erase
 .text.p18fx5xx_erase
                0x00002108       0x94 ./src/pic.o
                0x00002108                p18fx5xx_erase
 .text.p18fxxk80_erase
                0x0000219c      0x102 ./src/pic.o
                0x0000219c                p18fxxk80_erase
 .text.p16f7x_progCode
                0x0000229e       0x9a ./src/pic.o
                0x0000229e                p16f7x_progCode
 .text.p16f628a_progCode
                0x00002338       0x5c ./src/pic.o
                0x00002338                p16f628a_progCode
 .text.p16f81x_progCode
                0x00002394       0x68 ./src/pic.o
                0x00002394                p16f81x_progCode
 .text.p16f676_progCode
                0x000023fc       0xb4 ./src/pic.o
                0x000023fc                p16f676_progCode
 .text.p16f84a_progCode
                0x000024b0       0x7a ./src/pic.o
                0x000024b0                p16f84a_progCode
 .text.p16f184xx_progCode
                0x0000252a      0x14e ./src/pic.o
                0x0000252a                p16f184xx_progCode
 .text.p18fxxq10_progCode
                0x00002678       0x54 ./src/pic.o
                0x00002678                p18fxxq10_progCode
 .text.p18fx5xx_progCode
                0x000026cc      0x188 ./src/pic.o
                0x000026cc                p18fx5xx_progCode
 .text.p18fxxk80_progCode
                0x00002854      0x180 ./src/pic.o
                0x00002854                p18fxxk80_progCode
 .text.p16f628a_progData
                0x000029d4       0x4c ./src/pic.o
                0x000029d4                p16f628a_progData
 .text.p16f81x_progData
                0x00002a20       0x58 ./src/pic.o
                0x00002a20                p16f81x_progData
 .text.p16f183xx_progData
                0x00002a78       0x4c ./src/pic.o
                0x00002a78                p16f183xx_progData
 .text.p16f184xx_progData
                0x00002ac4       0x98 ./src/pic.o
                0x00002ac4                p16f184xx_progData
 .text.p18fx5xx_progData
                0x00002b5c      0x154 ./src/pic.o
                0x00002b5c                p18fx5xx_progData
 .text.p18fxxk80_progData
                0x00002cb0      0x154 ./src/pic.o
                0x00002cb0                p18fxxk80_progData
 .text.p16f676_readOscall
                0x00002e04       0x6a ./src/pic.o
                0x00002e04                p16f676_readOscall
 .text.p12f1840_readOscall
                0x00002e6e       0xe0 ./src/pic.o
                0x00002e6e                p12f1840_readOscall
 .text.p16f5x_readOscall
                0x00002f4e       0x8a ./src/pic.o
                0x00002f4e                p16f5x_readOscall
 .text.p12f5x_writeOscall
                0x00002fd8       0xa8 ./src/pic.o
                0x00002fd8                p12f5x_writeOscall
 .text.p16f676_writeOscall
                0x00003080       0x70 ./src/pic.o
                0x00003080                p16f676_writeOscall
 .text.p12f1840_writeOscall
                0x000030f0       0x9c ./src/pic.o
                0x000030f0                p12f1840_writeOscall
 .text.p16f676_storeOsc
                0x0000318c       0x96 ./src/pic.o
                0x0000318c                p16f676_storeOsc
 .text.p16f676_writeCfg
                0x00003222       0x8a ./src/pic.o
                0x00003222                p16f676_writeCfg
 .text.p16f676_restoreOsc
                0x000032ac      0x108 ./src/pic.o
                0x000032ac                p16f676_restoreOsc
 .text.p16f676_erase
                0x000033b4       0x96 ./src/pic.o
                0x000033b4                p16f676_erase
 .text.send_frame
                0x0000344a       0x3a ./src/progger.o
                0x0000344a                send_frame
 .text.send_successConn
                0x00003484       0x1a ./src/progger.o
                0x00003484                send_successConn
 .text.send_arr
                0x0000349e       0x56 ./src/progger.o
                0x0000349e                send_arr
 .text.deassemble_frame
                0x000034f4      0x572 ./src/progger.o
                0x000034f4                deassemble_frame
 .text.usart_init
                0x00003a66       0x1c ./src/usart.o
                0x00003a66                usart_init
 .text.USARTSend_char
                0x00003a82        0xe ./src/usart.o
                0x00003a82                USARTSend_char
 .text.usart_sendString
                0x00003a90       0x18 ./src/usart.o
                0x00003a90                usart_sendString
 .text.libgcc.mul
                0x00003aa8        0x0 c:/avr8-gnu-toolchain_for_eclipse/bin/../lib/gcc/avr/4.9.2/avr5\libgcc.a(_exit.o)
 .text.libgcc.div
                0x00003aa8        0x0 c:/avr8-gnu-toolchain_for_eclipse/bin/../lib/gcc/avr/4.9.2/avr5\libgcc.a(_exit.o)
 .text.libgcc   0x00003aa8        0x0 c:/avr8-gnu-toolchain_for_eclipse/bin/../lib/gcc/avr/4.9.2/avr5\libgcc.a(_exit.o)
 .text.libgcc.prologue
                0x00003aa8        0x0 c:/avr8-gnu-toolchain_for_eclipse/bin/../lib/gcc/avr/4.9.2/avr5\libgcc.a(_exit.o)
 .text.libgcc.builtins
                0x00003aa8        0x0 c:/avr8-gnu-toolchain_for_eclipse/bin/../lib/gcc/avr/4.9.2/avr5\libgcc.a(_exit.o)
 .text.libgcc.fmul
                0x00003aa8        0x0 c:/avr8-gnu-toolchain_for_eclipse/bin/../lib/gcc/avr/4.9.2/avr5\libgcc.a(_exit.o)
 .text.libgcc.fixed
                0x00003aa8        0x0 c:/avr8-gnu-toolchain_for_eclipse/bin/../lib/gcc/avr/4.9.2/avr5\libgcc.a(_exit.o)
 .text.libgcc.mul
                0x00003aa8        0x0 c:/avr8-gnu-toolchain_for_eclipse/bin/../lib/gcc/avr/4.9.2/avr5\libgcc.a(_tablejump2.o)
 .text.libgcc.div
                0x00003aa8        0x0 c:/avr8-gnu-toolchain_for_eclipse/bin/../lib/gcc/avr/4.9.2/avr5\libgcc.a(_tablejump2.o)
 .text.libgcc   0x00003aa8        0xc c:/avr8-gnu-toolchain_for_eclipse/bin/../lib/gcc/avr/4.9.2/avr5\libgcc.a(_tablejump2.o)
                0x00003aa8                __tablejump2__
 .text.libgcc.prologue
                0x00003ab4        0x0 c:/avr8-gnu-toolchain_for_eclipse/bin/../lib/gcc/avr/4.9.2/avr5\libgcc.a(_tablejump2.o)
 .text.libgcc.builtins
                0x00003ab4        0x0 c:/avr8-gnu-toolchain_for_eclipse/bin/../lib/gcc/avr/4.9.2/avr5\libgcc.a(_tablejump2.o)
 .text.libgcc.fmul
                0x00003ab4        0x0 c:/avr8-gnu-toolchain_for_eclipse/bin/../lib/gcc/avr/4.9.2/avr5\libgcc.a(_tablejump2.o)
 .text.libgcc.fixed
                0x00003ab4        0x0 c:/avr8-gnu-toolchain_for_eclipse/bin/../lib/gcc/avr/4.9.2/avr5\libgcc.a(_tablejump2.o)
 .text.libgcc.mul
                0x00003ab4        0x0 c:/avr8-gnu-toolchain_for_eclipse/bin/../lib/gcc/avr/4.9.2/avr5\libgcc.a(_copy_data.o)
 .text.libgcc.div
                0x00003ab4        0x0 c:/avr8-gnu-toolchain_for_eclipse/bin/../lib/gcc/avr/4.9.2/avr5\libgcc.a(_copy_data.o)
 .text.libgcc   0x00003ab4        0x0 c:/avr8-gnu-toolchain_for_eclipse/bin/../lib/gcc/avr/4.9.2/avr5\libgcc.a(_copy_data.o)
 .text.libgcc.prologue
                0x00003ab4        0x0 c:/avr8-gnu-toolchain_for_eclipse/bin/../lib/gcc/avr/4.9.2/avr5\libgcc.a(_copy_data.o)
 .text.libgcc.builtins
                0x00003ab4        0x0 c:/avr8-gnu-toolchain_for_eclipse/bin/../lib/gcc/avr/4.9.2/avr5\libgcc.a(_copy_data.o)
 .text.libgcc.fmul
                0x00003ab4        0x0 c:/avr8-gnu-toolchain_for_eclipse/bin/../lib/gcc/avr/4.9.2/avr5\libgcc.a(_copy_data.o)
 .text.libgcc.fixed
                0x00003ab4        0x0 c:/avr8-gnu-toolchain_for_eclipse/bin/../lib/gcc/avr/4.9.2/avr5\libgcc.a(_copy_data.o)
 .text.libgcc.mul
                0x00003ab4        0x0 c:/avr8-gnu-toolchain_for_eclipse/bin/../lib/gcc/avr/4.9.2/avr5\libgcc.a(_clear_bss.o)
 .text.libgcc.div
                0x00003ab4        0x0 c:/avr8-gnu-toolchain_for_eclipse/bin/../lib/gcc/avr/4.9.2/avr5\libgcc.a(_clear_bss.o)
 .text.libgcc   0x00003ab4        0x0 c:/avr8-gnu-toolchain_for_eclipse/bin/../lib/gcc/avr/4.9.2/avr5\libgcc.a(_clear_bss.o)
 .text.libgcc.prologue
                0x00003ab4        0x0 c:/avr8-gnu-toolchain_for_eclipse/bin/../lib/gcc/avr/4.9.2/avr5\libgcc.a(_clear_bss.o)
 .text.libgcc.builtins
                0x00003ab4        0x0 c:/avr8-gnu-toolchain_for_eclipse/bin/../lib/gcc/avr/4.9.2/avr5\libgcc.a(_clear_bss.o)
 .text.libgcc.fmul
                0x00003ab4        0x0 c:/avr8-gnu-toolchain_for_eclipse/bin/../lib/gcc/avr/4.9.2/avr5\libgcc.a(_clear_bss.o)
 .text.libgcc.fixed
                0x00003ab4        0x0 c:/avr8-gnu-toolchain_for_eclipse/bin/../lib/gcc/avr/4.9.2/avr5\libgcc.a(_clear_bss.o)
                0x00003ab4                . = ALIGN (0x2)
 *(.fini9)
 .fini9         0x00003ab4        0x0 c:/avr8-gnu-toolchain_for_eclipse/bin/../lib/gcc/avr/4.9.2/avr5\libgcc.a(_exit.o)
                0x00003ab4                _exit
                0x00003ab4                exit
 *(.fini9)
 *(.fini8)
 *(.fini8)
 *(.fini7)
 *(.fini7)
 *(.fini6)
 *(.fini6)
 *(.fini5)
 *(.fini5)
 *(.fini4)
 *(.fini4)
 *(.fini3)
 *(.fini3)
 *(.fini2)
 *(.fini2)
 *(.fini1)
 *(.fini1)
 *(.fini0)
 .fini0         0x00003ab4        0x4 c:/avr8-gnu-toolchain_for_eclipse/bin/../lib/gcc/avr/4.9.2/avr5\libgcc.a(_exit.o)
 *(.fini0)
                0x00003ab8                _etext = .

.data           0x00800100       0x66 load address 0x00003ab8
                0x00800100                PROVIDE (__data_start, .)
 *(.data)
 .data          0x00800100        0x0 c:/avr8-gnu-toolchain_for_eclipse/bin/../lib/gcc/avr/4.9.2/../../../../avr/lib/avr5/crtatmega328p.o
 .data          0x00800100        0x0 ./src/gpio.o
 .data          0x00800100        0x0 ./src/main.o
 .data          0x00800100        0x0 ./src/pic.o
 .data          0x00800100        0x0 ./src/progger.o
 .data          0x00800100        0x0 ./src/usart.o
 .data          0x00800100        0x0 c:/avr8-gnu-toolchain_for_eclipse/bin/../lib/gcc/avr/4.9.2/avr5\libgcc.a(_exit.o)
 .data          0x00800100        0x0 c:/avr8-gnu-toolchain_for_eclipse/bin/../lib/gcc/avr/4.9.2/avr5\libgcc.a(_tablejump2.o)
 .data          0x00800100        0x0 c:/avr8-gnu-toolchain_for_eclipse/bin/../lib/gcc/avr/4.9.2/avr5\libgcc.a(_copy_data.o)
 .data          0x00800100        0x0 c:/avr8-gnu-toolchain_for_eclipse/bin/../lib/gcc/avr/4.9.2/avr5\libgcc.a(_clear_bss.o)
 *(.data*)
 *(.rodata)
 .rodata        0x00800100       0x1c ./src/pic.o
 *(.rodata*)
 .rodata.CSWTCH.198
                0x0080011c        0x6 ./src/pic.o
 .rodata.CSWTCH.196
                0x00800122        0x6 ./src/pic.o
 .rodata.CSWTCH.176
                0x00800128       0x1c ./src/pic.o
 .rodata.CSWTCH.175
                0x00800144       0x1c ./src/pic.o
 .rodata.CSWTCH.169
                0x00800160        0x6 ./src/pic.o
 *(.gnu.linkonce.d*)
                0x00800166                . = ALIGN (0x2)
                0x00800166                _edata = .
                0x00800166                PROVIDE (__data_end, .)

.bss            0x00800166      0x1b2
                0x00800166                PROVIDE (__bss_start, .)
 *(.bss)
 .bss           0x00800166        0x0 c:/avr8-gnu-toolchain_for_eclipse/bin/../lib/gcc/avr/4.9.2/../../../../avr/lib/avr5/crtatmega328p.o
 .bss           0x00800166        0x0 ./src/gpio.o
 .bss           0x00800166        0x0 ./src/main.o
 .bss           0x00800166        0x0 ./src/pic.o
 .bss           0x00800166        0x0 ./src/progger.o
 .bss           0x00800166        0x0 ./src/usart.o
 .bss           0x00800166        0x0 c:/avr8-gnu-toolchain_for_eclipse/bin/../lib/gcc/avr/4.9.2/avr5\libgcc.a(_exit.o)
 .bss           0x00800166        0x0 c:/avr8-gnu-toolchain_for_eclipse/bin/../lib/gcc/avr/4.9.2/avr5\libgcc.a(_tablejump2.o)
 .bss           0x00800166        0x0 c:/avr8-gnu-toolchain_for_eclipse/bin/../lib/gcc/avr/4.9.2/avr5\libgcc.a(_copy_data.o)
 .bss           0x00800166        0x0 c:/avr8-gnu-toolchain_for_eclipse/bin/../lib/gcc/avr/4.9.2/avr5\libgcc.a(_clear_bss.o)
 *(.bss*)
 .bss.read_bsy  0x00800166        0x1 ./src/main.o
                0x00800166                read_bsy
 .bss.packet_size
                0x00800167        0x1 ./src/main.o
                0x00800167                packet_size
 .bss.full_buff
                0x00800168        0x1 ./src/main.o
                0x00800168                full_buff
 .bss.rx_counter
                0x00800169        0x1 ./src/main.o
                0x00800169                rx_counter
 *(COMMON)
 COMMON         0x0080016a      0x196 ./src/main.o
                0x0080016a                main_buff
                0x0080026a                exchange
 COMMON         0x00800300        0x6 ./src/pic.o
                0x00800300                oscal2
                0x00800302                oscal1
                0x00800304                oscal3
 COMMON         0x00800306       0x12 ./src/progger.o
                0x00800306                main_counter
                0x0080030a                f_size
                0x0080030e                wr_delay
                0x00800310                ee_size
                0x00800312                f_psize
                0x00800314                osc_cnt
                0x00800315                osc_start
                0x00800316                conf_cnt
                0x00800317                device
                0x00800318                PROVIDE (__bss_end, .)
                0x00003ab8                __data_load_start = LOADADDR (.data)
                0x00003b1e                __data_load_end = (__data_load_start + SIZEOF (.data))

.noinit         0x00800318        0x0
                [!provide]                PROVIDE (__noinit_start, .)
 *(.noinit*)
                [!provide]                PROVIDE (__noinit_end, .)
                0x00800318                _end = .
                [!provide]                PROVIDE (__heap_start, .)

.eeprom         0x00810000        0x0
 *(.eeprom*)
                0x00810000                __eeprom_end = .

.fuse
 *(.fuse)
 *(.lfuse)
 *(.hfuse)
 *(.efuse)

.lock
 *(.lock*)

.signature
 *(.signature*)

.user_signatures
 *(.user_signatures*)

.stab           0x00000000     0x7cec
 *(.stab)
 .stab          0x00000000      0x51c ./src/gpio.o
 .stab          0x0000051c      0x450 ./src/main.o
                                0x618 (size before relaxing)
 .stab          0x0000096c     0x6468 ./src/pic.o
                               0x6630 (size before relaxing)
 .stab          0x00006dd4      0xb94 ./src/progger.o
                                0xd5c (size before relaxing)
 .stab          0x00007968      0x384 ./src/usart.o
                                0x558 (size before relaxing)

.stabstr        0x00000000     0x186d
 *(.stabstr)
 .stabstr       0x00000000     0x186d ./src/gpio.o

.stab.excl
 *(.stab.excl)

.stab.exclstr
 *(.stab.exclstr)

.stab.index
 *(.stab.index)

.stab.indexstr
 *(.stab.indexstr)

.comment        0x00000000       0x30
 *(.comment)
 .comment       0x00000000       0x30 ./src/gpio.o
                                 0x31 (size before relaxing)
 .comment       0x00000030       0x31 ./src/main.o
 .comment       0x00000030       0x31 ./src/pic.o
 .comment       0x00000030       0x31 ./src/progger.o
 .comment       0x00000030       0x31 ./src/usart.o

.note.gnu.avr.deviceinfo
                0x00000000       0x40
 .note.gnu.avr.deviceinfo
                0x00000000       0x40 c:/avr8-gnu-toolchain_for_eclipse/bin/../lib/gcc/avr/4.9.2/../../../../avr/lib/avr5/crtatmega328p.o

.note.gnu.build-id
 *(.note.gnu.build-id)

.debug
 *(.debug)

.line
 *(.line)

.debug_srcinfo
 *(.debug_srcinfo)

.debug_sfnames
 *(.debug_sfnames)

.debug_aranges
 *(.debug_aranges)

.debug_pubnames
 *(.debug_pubnames)

.debug_info     0x00000000      0x5f4
 *(.debug_info .gnu.linkonce.wi.*)
 .debug_info    0x00000000      0x5f4 c:/avr8-gnu-toolchain_for_eclipse/bin/../lib/gcc/avr/4.9.2/../../../../avr/lib/avr5/crtatmega328p.o

.debug_abbrev   0x00000000      0x5a2
 *(.debug_abbrev)
 .debug_abbrev  0x00000000      0x5a2 c:/avr8-gnu-toolchain_for_eclipse/bin/../lib/gcc/avr/4.9.2/../../../../avr/lib/avr5/crtatmega328p.o

.debug_line     0x00000000       0x1a
 *(.debug_line .debug_line.* .debug_line_end)
 .debug_line    0x00000000       0x1a c:/avr8-gnu-toolchain_for_eclipse/bin/../lib/gcc/avr/4.9.2/../../../../avr/lib/avr5/crtatmega328p.o

.debug_frame
 *(.debug_frame)

.debug_str      0x00000000      0x208
 *(.debug_str)
 .debug_str     0x00000000      0x208 c:/avr8-gnu-toolchain_for_eclipse/bin/../lib/gcc/avr/4.9.2/../../../../avr/lib/avr5/crtatmega328p.o

.debug_loc
 *(.debug_loc)

.debug_macinfo
 *(.debug_macinfo)

.debug_weaknames
 *(.debug_weaknames)

.debug_funcnames
 *(.debug_funcnames)

.debug_typenames
 *(.debug_typenames)

.debug_varnames
 *(.debug_varnames)

.debug_pubtypes
 *(.debug_pubtypes)

.debug_ranges
 *(.debug_ranges)

.debug_macro
 *(.debug_macro)
OUTPUT(PIC_PROG.elf elf32-avr)
LOAD linker stubs
